// Jest Snapshot v1, https://goo.gl/fbAQLP

exports[`About component matches snapshot DOM node structure 1`] = `
<DocumentFragment>
  <section>
    <h1
      id="about"
    >
      Who am I?
    </h1>
    <p>
      Lorem ipsum dolor sit amet, consectetur adipisicing elit. Praesentium facilis, accusantium quod modi, id dolores rerum sint suscipit repellat deserunt quas, aliquam similique sequi. Est eius similique explicabo quo aliquam.
    </p>
  </section>
</DocumentFragment>
`;
